---
source: tests/cli_snapshots.rs
assertion_line: 67
expression: output
---
[]
